---
source: tests/account_balance.rs
expression: results
---
[
    AccountBalanceResponse {
        block_identifier: BlockIdentifier {
            index: 6265,
            hash: "3NKsLmFFPPd38VcqaKzBLJsxua6c1mviRJhq8B4FoeNy71nJYv2E",
        },
        balances: [
            Amount {
                value: "7000000000",
                currency: Currency {
                    symbol: "MINA",
                    decimals: 9,
                    metadata: None,
                },
                metadata: Some(
                    Object {
                        "liquid_balance": Number(7000000000),
                        "locked_balance": Number(0),
                        "total_balance": Number(7000000000),
                    },
                ),
            },
        ],
        metadata: Some(
            Object {
                "created_via_historical_lookup": Bool(true),
                "nonce": String("0"),
            },
        ),
    },
    AccountBalanceResponse {
        block_identifier: BlockIdentifier {
            index: 6265,
            hash: "3NKsLmFFPPd38VcqaKzBLJsxua6c1mviRJhq8B4FoeNy71nJYv2E",
        },
        balances: [
            Amount {
                value: "17899903513284",
                currency: Currency {
                    symbol: "MINA",
                    decimals: 9,
                    metadata: None,
                },
                metadata: Some(
                    Object {
                        "liquid_balance": Number(17899903513284),
                        "locked_balance": Number(0),
                        "total_balance": Number(17899903513284),
                    },
                ),
            },
        ],
        metadata: Some(
            Object {
                "created_via_historical_lookup": Bool(true),
                "nonce": String("0"),
            },
        ),
    },
]
