---
source: tests/block.rs
expression: maybe_prev
---
Some(
    Ok(
        BlockResponse {
            block: Some(
                Block {
                    block_identifier: BlockIdentifier {
                        index: 355393,
                        hash: "3NLrvv2mG7qmheEzgwCJjYbbEjLq51iCsBPJztL4JbHGFRCo9488",
                    },
                    parent_block_identifier: BlockIdentifier {
                        index: 355392,
                        hash: "3NK5VMgtNppsof2C97gGLjbkuM4r1MP56P6vTXQ6KTyz9nob5ZHX",
                    },
                    timestamp: 1728518040000,
                    transactions: [
                        Transaction {
                            transaction_identifier: TransactionIdentifier {
                                hash: "5Jue65F8EuA9en5HGEpuGSFZy4ezMNJyoLNsDQ8cmwnbaRZgZUSS",
                            },
                            operations: [
                                Operation {
                                    operation_identifier: OperationIdentifier {
                                        index: 0,
                                        network_index: None,
                                    },
                                    related_operations: None,
                                    type: "fee_payment",
                                    status: Some(
                                        "Success",
                                    ),
                                    account: Some(
                                        AccountIdentifier {
                                            address: "B62qpfgnUm7zVqi8MJHNB2m37rtgMNDbFNhC2DpMmmVpQt8x6gKv9Ww",
                                            sub_account: None,
                                            metadata: None,
                                        },
                                    ),
                                    amount: Some(
                                        Amount {
                                            value: "100000000",
                                            currency: Currency {
                                                symbol: "MINA",
                                                decimals: 9,
                                                metadata: None,
                                            },
                                            metadata: None,
                                        },
                                    ),
                                    coin_change: None,
                                    metadata: None,
                                },
                                Operation {
                                    operation_identifier: OperationIdentifier {
                                        index: 2,
                                        network_index: None,
                                    },
                                    related_operations: None,
                                    type: "payment_source_dec",
                                    status: Some(
                                        "Success",
                                    ),
                                    account: Some(
                                        AccountIdentifier {
                                            address: "B62qpfgnUm7zVqi8MJHNB2m37rtgMNDbFNhC2DpMmmVpQt8x6gKv9Ww",
                                            sub_account: None,
                                            metadata: None,
                                        },
                                    ),
                                    amount: Some(
                                        Amount {
                                            value: "2000000000",
                                            currency: Currency {
                                                symbol: "MINA",
                                                decimals: 9,
                                                metadata: None,
                                            },
                                            metadata: None,
                                        },
                                    ),
                                    coin_change: None,
                                    metadata: None,
                                },
                                Operation {
                                    operation_identifier: OperationIdentifier {
                                        index: 3,
                                        network_index: None,
                                    },
                                    related_operations: None,
                                    type: "payment_receiver_inc",
                                    status: Some(
                                        "Success",
                                    ),
                                    account: Some(
                                        AccountIdentifier {
                                            address: "B62qkCHcbWjMDWTyVL21wWsRv7oV8XyfYwVKTNtCC7rM3qTit8jNavD",
                                            sub_account: None,
                                            metadata: None,
                                        },
                                    ),
                                    amount: Some(
                                        Amount {
                                            value: "2000000000",
                                            currency: Currency {
                                                symbol: "MINA",
                                                decimals: 9,
                                                metadata: None,
                                            },
                                            metadata: None,
                                        },
                                    ),
                                    coin_change: None,
                                    metadata: None,
                                },
                            ],
                            related_transactions: None,
                            metadata: None,
                        },
                        Transaction {
                            transaction_identifier: TransactionIdentifier {
                                hash: "5JvMQzS8pWjMaAv9VVGAQFWsEvEDeeVaENybCNSEtSLVM4Kjj6Z8",
                            },
                            operations: [
                                Operation {
                                    operation_identifier: OperationIdentifier {
                                        index: 0,
                                        network_index: None,
                                    },
                                    related_operations: None,
                                    type: "fee_payment",
                                    status: Some(
                                        "Success",
                                    ),
                                    account: Some(
                                        AccountIdentifier {
                                            address: "B62qpfgnUm7zVqi8MJHNB2m37rtgMNDbFNhC2DpMmmVpQt8x6gKv9Ww",
                                            sub_account: None,
                                            metadata: None,
                                        },
                                    ),
                                    amount: Some(
                                        Amount {
                                            value: "100000000",
                                            currency: Currency {
                                                symbol: "MINA",
                                                decimals: 9,
                                                metadata: None,
                                            },
                                            metadata: None,
                                        },
                                    ),
                                    coin_change: None,
                                    metadata: None,
                                },
                                Operation {
                                    operation_identifier: OperationIdentifier {
                                        index: 2,
                                        network_index: None,
                                    },
                                    related_operations: None,
                                    type: "payment_source_dec",
                                    status: Some(
                                        "Success",
                                    ),
                                    account: Some(
                                        AccountIdentifier {
                                            address: "B62qpfgnUm7zVqi8MJHNB2m37rtgMNDbFNhC2DpMmmVpQt8x6gKv9Ww",
                                            sub_account: None,
                                            metadata: None,
                                        },
                                    ),
                                    amount: Some(
                                        Amount {
                                            value: "2000000000",
                                            currency: Currency {
                                                symbol: "MINA",
                                                decimals: 9,
                                                metadata: None,
                                            },
                                            metadata: None,
                                        },
                                    ),
                                    coin_change: None,
                                    metadata: None,
                                },
                                Operation {
                                    operation_identifier: OperationIdentifier {
                                        index: 3,
                                        network_index: None,
                                    },
                                    related_operations: None,
                                    type: "payment_receiver_inc",
                                    status: Some(
                                        "Success",
                                    ),
                                    account: Some(
                                        AccountIdentifier {
                                            address: "B62qoy1wCYLMeUydbjcX24XZt9N2UeU8V48SDMpAnp6kjaofyY563P6",
                                            sub_account: None,
                                            metadata: None,
                                        },
                                    ),
                                    amount: Some(
                                        Amount {
                                            value: "2000000000",
                                            currency: Currency {
                                                symbol: "MINA",
                                                decimals: 9,
                                                metadata: None,
                                            },
                                            metadata: None,
                                        },
                                    ),
                                    coin_change: None,
                                    metadata: None,
                                },
                            ],
                            related_transactions: None,
                            metadata: None,
                        },
                        Transaction {
                            transaction_identifier: TransactionIdentifier {
                                hash: "5Jttb21koii7SLVPDkTbYuVtfrRWaoWEQ4ZWfhwZ9xcx4UMiHwT9",
                            },
                            operations: [
                                Operation {
                                    operation_identifier: OperationIdentifier {
                                        index: 0,
                                        network_index: None,
                                    },
                                    related_operations: None,
                                    type: "fee_payment",
                                    status: Some(
                                        "Success",
                                    ),
                                    account: Some(
                                        AccountIdentifier {
                                            address: "B62qpfgnUm7zVqi8MJHNB2m37rtgMNDbFNhC2DpMmmVpQt8x6gKv9Ww",
                                            sub_account: None,
                                            metadata: None,
                                        },
                                    ),
                                    amount: Some(
                                        Amount {
                                            value: "100000000",
                                            currency: Currency {
                                                symbol: "MINA",
                                                decimals: 9,
                                                metadata: None,
                                            },
                                            metadata: None,
                                        },
                                    ),
                                    coin_change: None,
                                    metadata: None,
                                },
                                Operation {
                                    operation_identifier: OperationIdentifier {
                                        index: 2,
                                        network_index: None,
                                    },
                                    related_operations: None,
                                    type: "payment_source_dec",
                                    status: Some(
                                        "Success",
                                    ),
                                    account: Some(
                                        AccountIdentifier {
                                            address: "B62qpfgnUm7zVqi8MJHNB2m37rtgMNDbFNhC2DpMmmVpQt8x6gKv9Ww",
                                            sub_account: None,
                                            metadata: None,
                                        },
                                    ),
                                    amount: Some(
                                        Amount {
                                            value: "2000000000",
                                            currency: Currency {
                                                symbol: "MINA",
                                                decimals: 9,
                                                metadata: None,
                                            },
                                            metadata: None,
                                        },
                                    ),
                                    coin_change: None,
                                    metadata: None,
                                },
                                Operation {
                                    operation_identifier: OperationIdentifier {
                                        index: 3,
                                        network_index: None,
                                    },
                                    related_operations: None,
                                    type: "payment_receiver_inc",
                                    status: Some(
                                        "Success",
                                    ),
                                    account: Some(
                                        AccountIdentifier {
                                            address: "B62qpYCQrD9qxKcQF2Ja2bPTtfJ2Zj3SsVsgaivT515NknHsimg63CX",
                                            sub_account: None,
                                            metadata: None,
                                        },
                                    ),
                                    amount: Some(
                                        Amount {
                                            value: "2000000000",
                                            currency: Currency {
                                                symbol: "MINA",
                                                decimals: 9,
                                                metadata: None,
                                            },
                                            metadata: None,
                                        },
                                    ),
                                    coin_change: None,
                                    metadata: None,
                                },
                            ],
                            related_transactions: None,
                            metadata: None,
                        },
                        Transaction {
                            transaction_identifier: TransactionIdentifier {
                                hash: "5JucW5kgMKJwU46GZf7NHtMmHHmTQHrJPqZZk8owP6C2tnDr45vr",
                            },
                            operations: [
                                Operation {
                                    operation_identifier: OperationIdentifier {
                                        index: 2,
                                        network_index: None,
                                    },
                                    related_operations: None,
                                    type: "fee_receiver_inc",
                                    status: Some(
                                        "Success",
                                    ),
                                    account: Some(
                                        AccountIdentifier {
                                            address: "B62qpfgnUm7zVqi8MJHNB2m37rtgMNDbFNhC2DpMmmVpQt8x6gKv9Ww",
                                            sub_account: None,
                                            metadata: None,
                                        },
                                    ),
                                    amount: Some(
                                        Amount {
                                            value: "10000000",
                                            currency: Currency {
                                                symbol: "MINA",
                                                decimals: 9,
                                                metadata: None,
                                            },
                                            metadata: None,
                                        },
                                    ),
                                    coin_change: None,
                                    metadata: None,
                                },
                                Operation {
                                    operation_identifier: OperationIdentifier {
                                        index: 3,
                                        network_index: None,
                                    },
                                    related_operations: None,
                                    type: "fee_payer_dec",
                                    status: Some(
                                        "Success",
                                    ),
                                    account: Some(
                                        AccountIdentifier {
                                            address: "B62qkUHaJUHERZuCHQhXCQ8xsGBqyYSgjQsKnKN5HhSJecakuJ4pYyk",
                                            sub_account: None,
                                            metadata: None,
                                        },
                                    ),
                                    amount: Some(
                                        Amount {
                                            value: "10000000",
                                            currency: Currency {
                                                symbol: "MINA",
                                                decimals: 9,
                                                metadata: None,
                                            },
                                            metadata: None,
                                        },
                                    ),
                                    coin_change: None,
                                    metadata: None,
                                },
                            ],
                            related_transactions: None,
                            metadata: None,
                        },
                        Transaction {
                            transaction_identifier: TransactionIdentifier {
                                hash: "5Junx6hHb9g6ZWkS8zFFSv9yXvWK885U18JVKANatKYtbG7CubE6",
                            },
                            operations: [
                                Operation {
                                    operation_identifier: OperationIdentifier {
                                        index: 2,
                                        network_index: None,
                                    },
                                    related_operations: None,
                                    type: "fee_receiver_inc",
                                    status: Some(
                                        "Success",
                                    ),
                                    account: Some(
                                        AccountIdentifier {
                                            address: "B62qkUHaJUHERZuCHQhXCQ8xsGBqyYSgjQsKnKN5HhSJecakuJ4pYyk",
                                            sub_account: None,
                                            metadata: None,
                                        },
                                    ),
                                    amount: Some(
                                        Amount {
                                            value: "800000000",
                                            currency: Currency {
                                                symbol: "MINA",
                                                decimals: 9,
                                                metadata: None,
                                            },
                                            metadata: None,
                                        },
                                    ),
                                    coin_change: None,
                                    metadata: None,
                                },
                            ],
                            related_transactions: None,
                            metadata: None,
                        },
                        Transaction {
                            transaction_identifier: TransactionIdentifier {
                                hash: "5JuUi8aafVghGFo76NKsQdb4MrgpxyVSvJAsef7G9XefW9HttAsY",
                            },
                            operations: [
                                Operation {
                                    operation_identifier: OperationIdentifier {
                                        index: 2,
                                        network_index: None,
                                    },
                                    related_operations: None,
                                    type: "coinbase_inc",
                                    status: Some(
                                        "Success",
                                    ),
                                    account: Some(
                                        AccountIdentifier {
                                            address: "B62qkUHaJUHERZuCHQhXCQ8xsGBqyYSgjQsKnKN5HhSJecakuJ4pYyk",
                                            sub_account: None,
                                            metadata: None,
                                        },
                                    ),
                                    amount: Some(
                                        Amount {
                                            value: "720000000000",
                                            currency: Currency {
                                                symbol: "MINA",
                                                decimals: 9,
                                                metadata: None,
                                            },
                                            metadata: None,
                                        },
                                    ),
                                    coin_change: None,
                                    metadata: None,
                                },
                            ],
                            related_transactions: None,
                            metadata: None,
                        },
                        Transaction {
                            transaction_identifier: TransactionIdentifier {
                                hash: "5Jv4UiLMkG333ixncR1xSi2yvkdiEz8vcR35gggWPRkdmQDhru7i",
                            },
                            operations: [
                                Operation {
                                    operation_identifier: OperationIdentifier {
                                        index: 2,
                                        network_index: None,
                                    },
                                    related_operations: None,
                                    type: "fee_receiver_inc",
                                    status: Some(
                                        "Success",
                                    ),
                                    account: Some(
                                        AccountIdentifier {
                                            address: "B62qpfgnUm7zVqi8MJHNB2m37rtgMNDbFNhC2DpMmmVpQt8x6gKv9Ww",
                                            sub_account: None,
                                            metadata: None,
                                        },
                                    ),
                                    amount: Some(
                                        Amount {
                                            value: "1220000000",
                                            currency: Currency {
                                                symbol: "MINA",
                                                decimals: 9,
                                                metadata: None,
                                            },
                                            metadata: None,
                                        },
                                    ),
                                    coin_change: None,
                                    metadata: None,
                                },
                            ],
                            related_transactions: None,
                            metadata: None,
                        },
                        Transaction {
                            transaction_identifier: TransactionIdentifier {
                                hash: "5JvB3cwSEui2izjshaT9vLStF1R34VydAt7rx7ttSQPwnht3X1Mw",
                            },
                            operations: [
                                Operation {
                                    operation_identifier: OperationIdentifier {
                                        index: 2,
                                        network_index: None,
                                    },
                                    related_operations: None,
                                    type: "fee_receiver_inc",
                                    status: Some(
                                        "Success",
                                    ),
                                    account: Some(
                                        AccountIdentifier {
                                            address: "B62qkUHaJUHERZuCHQhXCQ8xsGBqyYSgjQsKnKN5HhSJecakuJ4pYyk",
                                            sub_account: None,
                                            metadata: None,
                                        },
                                    ),
                                    amount: Some(
                                        Amount {
                                            value: "980000000",
                                            currency: Currency {
                                                symbol: "MINA",
                                                decimals: 9,
                                                metadata: None,
                                            },
                                            metadata: None,
                                        },
                                    ),
                                    coin_change: None,
                                    metadata: None,
                                },
                            ],
                            related_transactions: None,
                            metadata: None,
                        },
                        Transaction {
                            transaction_identifier: TransactionIdentifier {
                                hash: "5JtpLNQBmjphWGnyntyqsF8DVX8TUxaYCdzHR4D3ZQGzAx2oJ1Ax",
                            },
                            operations: [],
                            related_transactions: None,
                            metadata: None,
                        },
                        Transaction {
                            transaction_identifier: TransactionIdentifier {
                                hash: "5JtpLNQBmjphWGnyntyqsF8DVX8TUxaYCdzHR4D3ZQGzAx2oJ1Ax",
                            },
                            operations: [],
                            related_transactions: None,
                            metadata: None,
                        },
                        Transaction {
                            transaction_identifier: TransactionIdentifier {
                                hash: "5Ju6Z6aAiKvxNc5Tou87cedCj4tsdv83GzHtu1Jc2FrfwoMqZAwN",
                            },
                            operations: [],
                            related_transactions: None,
                            metadata: None,
                        },
                        Transaction {
                            transaction_identifier: TransactionIdentifier {
                                hash: "5Ju6Z6aAiKvxNc5Tou87cedCj4tsdv83GzHtu1Jc2FrfwoMqZAwN",
                            },
                            operations: [],
                            related_transactions: None,
                            metadata: None,
                        },
                        Transaction {
                            transaction_identifier: TransactionIdentifier {
                                hash: "5JuJsuLr6BpWyVQh436qUq4VBnChLDawS8VAX29w8CpZiVSF6VzE",
                            },
                            operations: [],
                            related_transactions: None,
                            metadata: None,
                        },
                        Transaction {
                            transaction_identifier: TransactionIdentifier {
                                hash: "5JuJsuLr6BpWyVQh436qUq4VBnChLDawS8VAX29w8CpZiVSF6VzE",
                            },
                            operations: [],
                            related_transactions: None,
                            metadata: None,
                        },
                        Transaction {
                            transaction_identifier: TransactionIdentifier {
                                hash: "5JuVUZairQhcerYaTFT2oDyY2vaXYnKaXAxAQ24SGp1oEP4XqPFX",
                            },
                            operations: [],
                            related_transactions: None,
                            metadata: None,
                        },
                        Transaction {
                            transaction_identifier: TransactionIdentifier {
                                hash: "5JuVUZairQhcerYaTFT2oDyY2vaXYnKaXAxAQ24SGp1oEP4XqPFX",
                            },
                            operations: [],
                            related_transactions: None,
                            metadata: None,
                        },
                        Transaction {
                            transaction_identifier: TransactionIdentifier {
                                hash: "5JuvrqLZ3EwXGPqyHUdP1R7rv3yknzihAGaGgWdMh9iUuTyekLWh",
                            },
                            operations: [],
                            related_transactions: None,
                            metadata: None,
                        },
                        Transaction {
                            transaction_identifier: TransactionIdentifier {
                                hash: "5JuvrqLZ3EwXGPqyHUdP1R7rv3yknzihAGaGgWdMh9iUuTyekLWh",
                            },
                            operations: [],
                            related_transactions: None,
                            metadata: None,
                        },
                        Transaction {
                            transaction_identifier: TransactionIdentifier {
                                hash: "5Juy3zMDwCBAsaR1rVRFyydkD1WyGt7xPbB3kYSXmAizcsGRE7vJ",
                            },
                            operations: [],
                            related_transactions: None,
                            metadata: None,
                        },
                        Transaction {
                            transaction_identifier: TransactionIdentifier {
                                hash: "5Juy3zMDwCBAsaR1rVRFyydkD1WyGt7xPbB3kYSXmAizcsGRE7vJ",
                            },
                            operations: [],
                            related_transactions: None,
                            metadata: None,
                        },
                        Transaction {
                            transaction_identifier: TransactionIdentifier {
                                hash: "5Jv3nsCJYRbw2m7rUmN4tqrf4w35o9Xe38MM1PX7UV7marJuCfoD",
                            },
                            operations: [],
                            related_transactions: None,
                            metadata: None,
                        },
                        Transaction {
                            transaction_identifier: TransactionIdentifier {
                                hash: "5Jv3nsCJYRbw2m7rUmN4tqrf4w35o9Xe38MM1PX7UV7marJuCfoD",
                            },
                            operations: [],
                            related_transactions: None,
                            metadata: None,
                        },
                        Transaction {
                            transaction_identifier: TransactionIdentifier {
                                hash: "5Jv43b5zzb8ZJD36K8Qj1n2W56hABvCDHVbjBTnrRa5XSAfYoNJJ",
                            },
                            operations: [],
                            related_transactions: None,
                            metadata: None,
                        },
                        Transaction {
                            transaction_identifier: TransactionIdentifier {
                                hash: "5Jv43b5zzb8ZJD36K8Qj1n2W56hABvCDHVbjBTnrRa5XSAfYoNJJ",
                            },
                            operations: [],
                            related_transactions: None,
                            metadata: None,
                        },
                        Transaction {
                            transaction_identifier: TransactionIdentifier {
                                hash: "5JvAJNhQLnqEjkWdVEAoKWhS72ZPZGTBP1wecQNZe2mkwBq5uY67",
                            },
                            operations: [],
                            related_transactions: None,
                            metadata: None,
                        },
                        Transaction {
                            transaction_identifier: TransactionIdentifier {
                                hash: "5JvAJNhQLnqEjkWdVEAoKWhS72ZPZGTBP1wecQNZe2mkwBq5uY67",
                            },
                            operations: [],
                            related_transactions: None,
                            metadata: None,
                        },
                        Transaction {
                            transaction_identifier: TransactionIdentifier {
                                hash: "5JvFr3amqo38C5UTScdTrWX2Uh9zEBJMfJ46VkPEBikcy1BzK2uq",
                            },
                            operations: [],
                            related_transactions: None,
                            metadata: None,
                        },
                        Transaction {
                            transaction_identifier: TransactionIdentifier {
                                hash: "5JvFr3amqo38C5UTScdTrWX2Uh9zEBJMfJ46VkPEBikcy1BzK2uq",
                            },
                            operations: [],
                            related_transactions: None,
                            metadata: None,
                        },
                        Transaction {
                            transaction_identifier: TransactionIdentifier {
                                hash: "5JvHyQmPVJUyF4puURRu92hJLVmNy6qpLjjKa6bbHcLeuao6WZ4u",
                            },
                            operations: [],
                            related_transactions: None,
                            metadata: None,
                        },
                        Transaction {
                            transaction_identifier: TransactionIdentifier {
                                hash: "5JvHyQmPVJUyF4puURRu92hJLVmNy6qpLjjKa6bbHcLeuao6WZ4u",
                            },
                            operations: [],
                            related_transactions: None,
                            metadata: None,
                        },
                        Transaction {
                            transaction_identifier: TransactionIdentifier {
                                hash: "5JvPGvbjz6Kdf9Uiif7RSDFbJRnCfN4mrwK4YuJjQWBUyZKvG6KA",
                            },
                            operations: [],
                            related_transactions: None,
                            metadata: None,
                        },
                        Transaction {
                            transaction_identifier: TransactionIdentifier {
                                hash: "5JvPGvbjz6Kdf9Uiif7RSDFbJRnCfN4mrwK4YuJjQWBUyZKvG6KA",
                            },
                            operations: [],
                            related_transactions: None,
                            metadata: None,
                        },
                        Transaction {
                            transaction_identifier: TransactionIdentifier {
                                hash: "5JufsTkU6MYo2QsQh4WiU8F3ssM7TQtx3bdjncLuvxGCPSLZ5mTe",
                            },
                            operations: [],
                            related_transactions: None,
                            metadata: None,
                        },
                        Transaction {
                            transaction_identifier: TransactionIdentifier {
                                hash: "5JufsTkU6MYo2QsQh4WiU8F3ssM7TQtx3bdjncLuvxGCPSLZ5mTe",
                            },
                            operations: [],
                            related_transactions: None,
                            metadata: None,
                        },
                        Transaction {
                            transaction_identifier: TransactionIdentifier {
                                hash: "5Ju64BwGA8tYN9F9NMcNKkNUtiAdbdvWWdsriDXCtS28kjwXJJwk",
                            },
                            operations: [],
                            related_transactions: None,
                            metadata: None,
                        },
                        Transaction {
                            transaction_identifier: TransactionIdentifier {
                                hash: "5Ju64BwGA8tYN9F9NMcNKkNUtiAdbdvWWdsriDXCtS28kjwXJJwk",
                            },
                            operations: [],
                            related_transactions: None,
                            metadata: None,
                        },
                        Transaction {
                            transaction_identifier: TransactionIdentifier {
                                hash: "5JuoQgsBxJSrwaRNBnDL8eiz5EbT5kEehepDL5KTamKc2i5v1kaB",
                            },
                            operations: [],
                            related_transactions: None,
                            metadata: None,
                        },
                        Transaction {
                            transaction_identifier: TransactionIdentifier {
                                hash: "5JuoQgsBxJSrwaRNBnDL8eiz5EbT5kEehepDL5KTamKc2i5v1kaB",
                            },
                            operations: [],
                            related_transactions: None,
                            metadata: None,
                        },
                    ],
                    metadata: None,
                },
            ),
            other_transactions: None,
        },
    ),
)
