---
source: tests/construction_combine.rs
expression: response
---
Ok(
    ConstructionCombineResponse {
        signed_transaction: "{\"signature\":\"CA5B636101409503297B02AB94DE28FACBD53C91919A77E57CCBEDBF9D6C2D1893FDE9B63BF44618270F6D404B7C4B783BB322B05C9347BEF238FDB841BF3320\",\"payment\":{\"to\":\"B62qj7nR7j5GiQLJEBrMq49nX8fKcLJKK57kDdja7w9YPJQMdsshtcL\",\"from\":\"B62qqEMfUYCW4ePTDE9ZGVfn42ugxQ6CSe8PdTCrRpZAnCRezAGsVp7\",\"fee\":\"1000000\",\"token\":\"wSHV2S4qX9jFsLjQo8r1BsMLH2ZRKsZx6EJd1sbozGPieEC4Jf\",\"nonce\":\"8\",\"memo\":\"hello\",\"amount\":\"10000000\",\"valid_until\":\"200000000\"},\"stake_delegation\":null}",
    },
)
