---
source: tests/search_transactions.rs
expression: response_addr
---
Ok(
    SearchTransactionsResponse {
        transactions: [
            BlockTransaction {
                block_identifier: BlockIdentifier {
                    index: 16674,
                    hash: "3NLYrK5fabWDRVRoxk4e3kF62gUDGcPdfL1mqnbqxYJyVouX4qBX",
                },
                transaction: Transaction {
                    transaction_identifier: TransactionIdentifier {
                        hash: "CkpZUFsTxw7THWoXoSPHiJp3mi92TxL8oBgpdHhJczmNjd7D87jUD",
                    },
                    operations: [
                        Operation {
                            operation_identifier: OperationIdentifier {
                                index: 0,
                                network_index: None,
                            },
                            related_operations: None,
                            type: "fee_payment",
                            status: Some(
                                "Success",
                            ),
                            account: Some(
                                AccountIdentifier {
                                    address: "B62qmQsEHcsPUs5xdtHKjEmWqqhUPRSF2GNmdguqnNvpEZpKftPC69e",
                                    sub_account: None,
                                    metadata: Some(
                                        Object {
                                            "token_id": String("wSHV2S4qX9jFsLjQo8r1BsMLH2ZRKsZx6EJd1sbozGPieEC4Jf"),
                                        },
                                    ),
                                },
                            ),
                            amount: Some(
                                Amount {
                                    value: "-250000000",
                                    currency: Currency {
                                        symbol: "MINA",
                                        decimals: 9,
                                        metadata: None,
                                    },
                                    metadata: None,
                                },
                            ),
                            coin_change: None,
                            metadata: None,
                        },
                        Operation {
                            operation_identifier: OperationIdentifier {
                                index: 1,
                                network_index: None,
                            },
                            related_operations: None,
                            type: "account_creation_fee_via_payment",
                            status: Some(
                                "Success",
                            ),
                            account: Some(
                                AccountIdentifier {
                                    address: "B62qkd6yYALkQMq2SFd5B57bJbGBMA2QuGtLPMzRhhnvexRtVRycZWP",
                                    sub_account: None,
                                    metadata: Some(
                                        Object {
                                            "token_id": String("wSHV2S4qX9jFsLjQo8r1BsMLH2ZRKsZx6EJd1sbozGPieEC4Jf"),
                                        },
                                    ),
                                },
                            ),
                            amount: Some(
                                Amount {
                                    value: "-1000000000",
                                    currency: Currency {
                                        symbol: "MINA",
                                        decimals: 9,
                                        metadata: None,
                                    },
                                    metadata: None,
                                },
                            ),
                            coin_change: None,
                            metadata: None,
                        },
                        Operation {
                            operation_identifier: OperationIdentifier {
                                index: 2,
                                network_index: None,
                            },
                            related_operations: None,
                            type: "payment_source_dec",
                            status: Some(
                                "Success",
                            ),
                            account: Some(
                                AccountIdentifier {
                                    address: "B62qmQsEHcsPUs5xdtHKjEmWqqhUPRSF2GNmdguqnNvpEZpKftPC69e",
                                    sub_account: None,
                                    metadata: Some(
                                        Object {
                                            "token_id": String("wSHV2S4qX9jFsLjQo8r1BsMLH2ZRKsZx6EJd1sbozGPieEC4Jf"),
                                        },
                                    ),
                                },
                            ),
                            amount: Some(
                                Amount {
                                    value: "-2000000000",
                                    currency: Currency {
                                        symbol: "MINA",
                                        decimals: 9,
                                        metadata: None,
                                    },
                                    metadata: None,
                                },
                            ),
                            coin_change: None,
                            metadata: None,
                        },
                        Operation {
                            operation_identifier: OperationIdentifier {
                                index: 3,
                                network_index: None,
                            },
                            related_operations: Some(
                                [
                                    OperationIdentifier {
                                        index: 2,
                                        network_index: None,
                                    },
                                ],
                            ),
                            type: "payment_receiver_inc",
                            status: Some(
                                "Success",
                            ),
                            account: Some(
                                AccountIdentifier {
                                    address: "B62qkd6yYALkQMq2SFd5B57bJbGBMA2QuGtLPMzRhhnvexRtVRycZWP",
                                    sub_account: None,
                                    metadata: Some(
                                        Object {
                                            "token_id": String("wSHV2S4qX9jFsLjQo8r1BsMLH2ZRKsZx6EJd1sbozGPieEC4Jf"),
                                        },
                                    ),
                                },
                            ),
                            amount: Some(
                                Amount {
                                    value: "2000000000",
                                    currency: Currency {
                                        symbol: "MINA",
                                        decimals: 9,
                                        metadata: None,
                                    },
                                    metadata: None,
                                },
                            ),
                            coin_change: None,
                            metadata: None,
                        },
                    ],
                    related_transactions: None,
                    metadata: Some(
                        Object {
                            "nonce": Number(61),
                        },
                    ),
                },
                timestamp: None,
            },
            BlockTransaction {
                block_identifier: BlockIdentifier {
                    index: 16675,
                    hash: "3NKbtfTG6RwxgE4baCCYQNcHsnhQ1pzLvKHGwEdT28UoAeUx1ZZ3",
                },
                transaction: Transaction {
                    transaction_identifier: TransactionIdentifier {
                        hash: "CkpZHzUPh2j4fpawaza6kVRtj4dcUNqBZUS4yGgB9qAoHjf7NJcEn",
                    },
                    operations: [
                        Operation {
                            operation_identifier: OperationIdentifier {
                                index: 0,
                                network_index: None,
                            },
                            related_operations: None,
                            type: "fee_payment",
                            status: Some(
                                "Success",
                            ),
                            account: Some(
                                AccountIdentifier {
                                    address: "B62qkd6yYALkQMq2SFd5B57bJbGBMA2QuGtLPMzRhhnvexRtVRycZWP",
                                    sub_account: None,
                                    metadata: Some(
                                        Object {
                                            "token_id": String("wSHV2S4qX9jFsLjQo8r1BsMLH2ZRKsZx6EJd1sbozGPieEC4Jf"),
                                        },
                                    ),
                                },
                            ),
                            amount: Some(
                                Amount {
                                    value: "-250000000",
                                    currency: Currency {
                                        symbol: "MINA",
                                        decimals: 9,
                                        metadata: None,
                                    },
                                    metadata: None,
                                },
                            ),
                            coin_change: None,
                            metadata: None,
                        },
                        Operation {
                            operation_identifier: OperationIdentifier {
                                index: 1,
                                network_index: None,
                            },
                            related_operations: None,
                            type: "payment_source_dec",
                            status: Some(
                                "Success",
                            ),
                            account: Some(
                                AccountIdentifier {
                                    address: "B62qkd6yYALkQMq2SFd5B57bJbGBMA2QuGtLPMzRhhnvexRtVRycZWP",
                                    sub_account: None,
                                    metadata: Some(
                                        Object {
                                            "token_id": String("wSHV2S4qX9jFsLjQo8r1BsMLH2ZRKsZx6EJd1sbozGPieEC4Jf"),
                                        },
                                    ),
                                },
                            ),
                            amount: Some(
                                Amount {
                                    value: "-100000000",
                                    currency: Currency {
                                        symbol: "MINA",
                                        decimals: 9,
                                        metadata: None,
                                    },
                                    metadata: None,
                                },
                            ),
                            coin_change: None,
                            metadata: None,
                        },
                        Operation {
                            operation_identifier: OperationIdentifier {
                                index: 2,
                                network_index: None,
                            },
                            related_operations: Some(
                                [
                                    OperationIdentifier {
                                        index: 1,
                                        network_index: None,
                                    },
                                ],
                            ),
                            type: "payment_receiver_inc",
                            status: Some(
                                "Success",
                            ),
                            account: Some(
                                AccountIdentifier {
                                    address: "B62qmQsEHcsPUs5xdtHKjEmWqqhUPRSF2GNmdguqnNvpEZpKftPC69e",
                                    sub_account: None,
                                    metadata: Some(
                                        Object {
                                            "token_id": String("wSHV2S4qX9jFsLjQo8r1BsMLH2ZRKsZx6EJd1sbozGPieEC4Jf"),
                                        },
                                    ),
                                },
                            ),
                            amount: Some(
                                Amount {
                                    value: "100000000",
                                    currency: Currency {
                                        symbol: "MINA",
                                        decimals: 9,
                                        metadata: None,
                                    },
                                    metadata: None,
                                },
                            ),
                            coin_change: None,
                            metadata: None,
                        },
                    ],
                    related_transactions: None,
                    metadata: Some(
                        Object {
                            "nonce": Number(0),
                        },
                    ),
                },
                timestamp: None,
            },
            BlockTransaction {
                block_identifier: BlockIdentifier {
                    index: 16677,
                    hash: "3NLf87FpL1tzVEF2TqAe6Wrt5brR1rrQKKKNdCW3XbEJE5Joz2ZR",
                },
                transaction: Transaction {
                    transaction_identifier: TransactionIdentifier {
                        hash: "CkpZMrLr36G2Bnq5hLo4tcwuo3L4hda5ScyQRHfa5o4fKCCaHNWcn",
                    },
                    operations: [
                        Operation {
                            operation_identifier: OperationIdentifier {
                                index: 0,
                                network_index: None,
                            },
                            related_operations: None,
                            type: "fee_payment",
                            status: Some(
                                "Success",
                            ),
                            account: Some(
                                AccountIdentifier {
                                    address: "B62qmQsEHcsPUs5xdtHKjEmWqqhUPRSF2GNmdguqnNvpEZpKftPC69e",
                                    sub_account: None,
                                    metadata: Some(
                                        Object {
                                            "token_id": String("wSHV2S4qX9jFsLjQo8r1BsMLH2ZRKsZx6EJd1sbozGPieEC4Jf"),
                                        },
                                    ),
                                },
                            ),
                            amount: Some(
                                Amount {
                                    value: "-250000000",
                                    currency: Currency {
                                        symbol: "MINA",
                                        decimals: 9,
                                        metadata: None,
                                    },
                                    metadata: None,
                                },
                            ),
                            coin_change: None,
                            metadata: None,
                        },
                        Operation {
                            operation_identifier: OperationIdentifier {
                                index: 1,
                                network_index: None,
                            },
                            related_operations: None,
                            type: "payment_source_dec",
                            status: Some(
                                "Success",
                            ),
                            account: Some(
                                AccountIdentifier {
                                    address: "B62qmQsEHcsPUs5xdtHKjEmWqqhUPRSF2GNmdguqnNvpEZpKftPC69e",
                                    sub_account: None,
                                    metadata: Some(
                                        Object {
                                            "token_id": String("wSHV2S4qX9jFsLjQo8r1BsMLH2ZRKsZx6EJd1sbozGPieEC4Jf"),
                                        },
                                    ),
                                },
                            ),
                            amount: Some(
                                Amount {
                                    value: "-50000000000000000",
                                    currency: Currency {
                                        symbol: "MINA",
                                        decimals: 9,
                                        metadata: None,
                                    },
                                    metadata: None,
                                },
                            ),
                            coin_change: None,
                            metadata: None,
                        },
                        Operation {
                            operation_identifier: OperationIdentifier {
                                index: 2,
                                network_index: None,
                            },
                            related_operations: Some(
                                [
                                    OperationIdentifier {
                                        index: 1,
                                        network_index: None,
                                    },
                                ],
                            ),
                            type: "payment_receiver_inc",
                            status: Some(
                                "Success",
                            ),
                            account: Some(
                                AccountIdentifier {
                                    address: "B62qkd6yYALkQMq2SFd5B57bJbGBMA2QuGtLPMzRhhnvexRtVRycZWP",
                                    sub_account: None,
                                    metadata: Some(
                                        Object {
                                            "token_id": String("wSHV2S4qX9jFsLjQo8r1BsMLH2ZRKsZx6EJd1sbozGPieEC4Jf"),
                                        },
                                    ),
                                },
                            ),
                            amount: Some(
                                Amount {
                                    value: "50000000000000000",
                                    currency: Currency {
                                        symbol: "MINA",
                                        decimals: 9,
                                        metadata: None,
                                    },
                                    metadata: None,
                                },
                            ),
                            coin_change: None,
                            metadata: None,
                        },
                    ],
                    related_transactions: None,
                    metadata: Some(
                        Object {
                            "nonce": Number(62),
                        },
                    ),
                },
                timestamp: None,
            },
            BlockTransaction {
                block_identifier: BlockIdentifier {
                    index: 16679,
                    hash: "3NKyk5Xw1aMhkXa81tkn8EJS28SbMkNt7g81XiddERE9WXoQUV7V",
                },
                transaction: Transaction {
                    transaction_identifier: TransactionIdentifier {
                        hash: "CkpaAwUS7j64iTVz6oxU6VfGVWjbSPrizo5DuS1DAWZNfSN5fQxsi",
                    },
                    operations: [
                        Operation {
                            operation_identifier: OperationIdentifier {
                                index: 0,
                                network_index: None,
                            },
                            related_operations: None,
                            type: "fee_payment",
                            status: Some(
                                "Success",
                            ),
                            account: Some(
                                AccountIdentifier {
                                    address: "B62qkd6yYALkQMq2SFd5B57bJbGBMA2QuGtLPMzRhhnvexRtVRycZWP",
                                    sub_account: None,
                                    metadata: Some(
                                        Object {
                                            "token_id": String("wSHV2S4qX9jFsLjQo8r1BsMLH2ZRKsZx6EJd1sbozGPieEC4Jf"),
                                        },
                                    ),
                                },
                            ),
                            amount: Some(
                                Amount {
                                    value: "-250000000",
                                    currency: Currency {
                                        symbol: "MINA",
                                        decimals: 9,
                                        metadata: None,
                                    },
                                    metadata: None,
                                },
                            ),
                            coin_change: None,
                            metadata: None,
                        },
                        Operation {
                            operation_identifier: OperationIdentifier {
                                index: 1,
                                network_index: None,
                            },
                            related_operations: None,
                            type: "delegate_change",
                            status: Some(
                                "Success",
                            ),
                            account: Some(
                                AccountIdentifier {
                                    address: "B62qkd6yYALkQMq2SFd5B57bJbGBMA2QuGtLPMzRhhnvexRtVRycZWP",
                                    sub_account: None,
                                    metadata: Some(
                                        Object {
                                            "token_id": String("wSHV2S4qX9jFsLjQo8r1BsMLH2ZRKsZx6EJd1sbozGPieEC4Jf"),
                                        },
                                    ),
                                },
                            ),
                            amount: None,
                            coin_change: None,
                            metadata: Some(
                                Object {
                                    "delegate_change_target": String("B62qpfgnUm7zVqi8MJHNB2m37rtgMNDbFNhC2DpMmmVpQt8x6gKv9Ww"),
                                },
                            ),
                        },
                    ],
                    related_transactions: None,
                    metadata: Some(
                        Object {
                            "nonce": Number(1),
                        },
                    ),
                },
                timestamp: None,
            },
            BlockTransaction {
                block_identifier: BlockIdentifier {
                    index: 140303,
                    hash: "3NLbvXACjTAMXZkXV4pJomU9SU1xev9EWfh9PKjzCQdJcpZsMFH3",
                },
                transaction: Transaction {
                    transaction_identifier: TransactionIdentifier {
                        hash: "CkpYtpCsRgvtFs2P8zFtwxSUftgKYMqR6QCJH2Fxx4YZ6kHTZiYaf",
                    },
                    operations: [
                        Operation {
                            operation_identifier: OperationIdentifier {
                                index: 0,
                                network_index: None,
                            },
                            related_operations: None,
                            type: "fee_payment",
                            status: Some(
                                "Success",
                            ),
                            account: Some(
                                AccountIdentifier {
                                    address: "B62qifTiRqudGJUgHuCr8EC9a48bBNSBEisGPQMRwLcUkSXVaaNwRLx",
                                    sub_account: None,
                                    metadata: Some(
                                        Object {
                                            "token_id": String("wSHV2S4qX9jFsLjQo8r1BsMLH2ZRKsZx6EJd1sbozGPieEC4Jf"),
                                        },
                                    ),
                                },
                            ),
                            amount: Some(
                                Amount {
                                    value: "-200100000",
                                    currency: Currency {
                                        symbol: "MINA",
                                        decimals: 9,
                                        metadata: None,
                                    },
                                    metadata: None,
                                },
                            ),
                            coin_change: None,
                            metadata: None,
                        },
                        Operation {
                            operation_identifier: OperationIdentifier {
                                index: 1,
                                network_index: None,
                            },
                            related_operations: None,
                            type: "delegate_change",
                            status: Some(
                                "Success",
                            ),
                            account: Some(
                                AccountIdentifier {
                                    address: "B62qifTiRqudGJUgHuCr8EC9a48bBNSBEisGPQMRwLcUkSXVaaNwRLx",
                                    sub_account: None,
                                    metadata: Some(
                                        Object {
                                            "token_id": String("wSHV2S4qX9jFsLjQo8r1BsMLH2ZRKsZx6EJd1sbozGPieEC4Jf"),
                                        },
                                    ),
                                },
                            ),
                            amount: None,
                            coin_change: None,
                            metadata: Some(
                                Object {
                                    "delegate_change_target": String("B62qkd6yYALkQMq2SFd5B57bJbGBMA2QuGtLPMzRhhnvexRtVRycZWP"),
                                },
                            ),
                        },
                    ],
                    related_transactions: None,
                    metadata: Some(
                        Object {
                            "nonce": Number(2),
                        },
                    ),
                },
                timestamp: None,
            },
        ],
        total_count: 6,
        next_offset: Some(
            5,
        ),
    },
)
