---
source: tests/search_transactions.rs
expression: response
---
Ok(
    SearchTransactionsResponse {
        transactions: [
            BlockTransaction {
                block_identifier: BlockIdentifier {
                    index: 400175,
                    hash: "3NLehcnvRt9TYhbap4sLdMK4Yp1akEGtArfGaJRzKze8xMJY6brV",
                },
                transaction: Transaction {
                    transaction_identifier: TransactionIdentifier {
                        hash: "5JtxAfRCszH5Q79C3J3kZchgX3k3vbXkL9X2CDjq4JStMxSHLrqJ",
                    },
                    operations: [
                        Operation {
                            operation_identifier: OperationIdentifier {
                                index: 0,
                                network_index: None,
                            },
                            related_operations: None,
                            type: "fee_payment",
                            status: Some(
                                "Success",
                            ),
                            account: Some(
                                AccountIdentifier {
                                    address: "B62qnFh3toTxk1gP1bvoo5v4L4GwbSwL4MBWV24R1xMntsKt1WRUbWd",
                                    sub_account: None,
                                    metadata: Some(
                                        Object {
                                            "token_id": String("wSHV2S4qX9jFsLjQo8r1BsMLH2ZRKsZx6EJd1sbozGPieEC4Jf"),
                                        },
                                    ),
                                },
                            ),
                            amount: Some(
                                Amount {
                                    value: "-100000000",
                                    currency: Currency {
                                        symbol: "MINA",
                                        decimals: 9,
                                        metadata: None,
                                    },
                                    metadata: None,
                                },
                            ),
                            coin_change: None,
                            metadata: None,
                        },
                        Operation {
                            operation_identifier: OperationIdentifier {
                                index: 1,
                                network_index: None,
                            },
                            related_operations: None,
                            type: "account_creation_fee_via_payment",
                            status: Some(
                                "Success",
                            ),
                            account: Some(
                                AccountIdentifier {
                                    address: "B62qrq3Qp2JCWDcc4vLupyVbCpTADufG8VJDtw1CHGSbqGbGwmSWY53",
                                    sub_account: None,
                                    metadata: Some(
                                        Object {
                                            "token_id": String("wSHV2S4qX9jFsLjQo8r1BsMLH2ZRKsZx6EJd1sbozGPieEC4Jf"),
                                        },
                                    ),
                                },
                            ),
                            amount: Some(
                                Amount {
                                    value: "-1000000000",
                                    currency: Currency {
                                        symbol: "MINA",
                                        decimals: 9,
                                        metadata: None,
                                    },
                                    metadata: None,
                                },
                            ),
                            coin_change: None,
                            metadata: None,
                        },
                        Operation {
                            operation_identifier: OperationIdentifier {
                                index: 2,
                                network_index: None,
                            },
                            related_operations: None,
                            type: "payment_source_dec",
                            status: Some(
                                "Success",
                            ),
                            account: Some(
                                AccountIdentifier {
                                    address: "B62qnFh3toTxk1gP1bvoo5v4L4GwbSwL4MBWV24R1xMntsKt1WRUbWd",
                                    sub_account: None,
                                    metadata: Some(
                                        Object {
                                            "token_id": String("wSHV2S4qX9jFsLjQo8r1BsMLH2ZRKsZx6EJd1sbozGPieEC4Jf"),
                                        },
                                    ),
                                },
                            ),
                            amount: Some(
                                Amount {
                                    value: "-3554504776",
                                    currency: Currency {
                                        symbol: "MINA",
                                        decimals: 9,
                                        metadata: None,
                                    },
                                    metadata: None,
                                },
                            ),
                            coin_change: None,
                            metadata: None,
                        },
                        Operation {
                            operation_identifier: OperationIdentifier {
                                index: 3,
                                network_index: None,
                            },
                            related_operations: Some(
                                [
                                    OperationIdentifier {
                                        index: 2,
                                        network_index: None,
                                    },
                                ],
                            ),
                            type: "payment_receiver_inc",
                            status: Some(
                                "Success",
                            ),
                            account: Some(
                                AccountIdentifier {
                                    address: "B62qrq3Qp2JCWDcc4vLupyVbCpTADufG8VJDtw1CHGSbqGbGwmSWY53",
                                    sub_account: None,
                                    metadata: Some(
                                        Object {
                                            "token_id": String("wSHV2S4qX9jFsLjQo8r1BsMLH2ZRKsZx6EJd1sbozGPieEC4Jf"),
                                        },
                                    ),
                                },
                            ),
                            amount: Some(
                                Amount {
                                    value: "3554504776",
                                    currency: Currency {
                                        symbol: "MINA",
                                        decimals: 9,
                                        metadata: None,
                                    },
                                    metadata: None,
                                },
                            ),
                            coin_change: None,
                            metadata: None,
                        },
                    ],
                    related_transactions: None,
                    metadata: Some(
                        Object {
                            "memo": String("hello"),
                            "nonce": Number(4),
                        },
                    ),
                },
                timestamp: None,
            },
            BlockTransaction {
                block_identifier: BlockIdentifier {
                    index: 400177,
                    hash: "3NLjPGuArsF3cbWmL16TWPiHK5tizSFwM31v4aAQqk7eY4KjnApB",
                },
                transaction: Transaction {
                    transaction_identifier: TransactionIdentifier {
                        hash: "5JuAvgonea8P3EBJNwdMsLUEwCHyLWBu7rQbEn5mCPmzjjigLH4i",
                    },
                    operations: [
                        Operation {
                            operation_identifier: OperationIdentifier {
                                index: 0,
                                network_index: None,
                            },
                            related_operations: None,
                            type: "fee_payment",
                            status: Some(
                                "Success",
                            ),
                            account: Some(
                                AccountIdentifier {
                                    address: "B62qnFh3toTxk1gP1bvoo5v4L4GwbSwL4MBWV24R1xMntsKt1WRUbWd",
                                    sub_account: None,
                                    metadata: Some(
                                        Object {
                                            "token_id": String("wSHV2S4qX9jFsLjQo8r1BsMLH2ZRKsZx6EJd1sbozGPieEC4Jf"),
                                        },
                                    ),
                                },
                            ),
                            amount: Some(
                                Amount {
                                    value: "-100000000",
                                    currency: Currency {
                                        symbol: "MINA",
                                        decimals: 9,
                                        metadata: None,
                                    },
                                    metadata: None,
                                },
                            ),
                            coin_change: None,
                            metadata: Some(
                                Object {
                                    "reason": String("Amount_insufficient_to_create_account"),
                                },
                            ),
                        },
                        Operation {
                            operation_identifier: OperationIdentifier {
                                index: 1,
                                network_index: None,
                            },
                            related_operations: None,
                            type: "payment_source_dec",
                            status: Some(
                                "Failed",
                            ),
                            account: Some(
                                AccountIdentifier {
                                    address: "B62qnFh3toTxk1gP1bvoo5v4L4GwbSwL4MBWV24R1xMntsKt1WRUbWd",
                                    sub_account: None,
                                    metadata: Some(
                                        Object {
                                            "token_id": String("wSHV2S4qX9jFsLjQo8r1BsMLH2ZRKsZx6EJd1sbozGPieEC4Jf"),
                                        },
                                    ),
                                },
                            ),
                            amount: None,
                            coin_change: None,
                            metadata: Some(
                                Object {
                                    "reason": String("Amount_insufficient_to_create_account"),
                                },
                            ),
                        },
                        Operation {
                            operation_identifier: OperationIdentifier {
                                index: 2,
                                network_index: None,
                            },
                            related_operations: Some(
                                [
                                    OperationIdentifier {
                                        index: 1,
                                        network_index: None,
                                    },
                                ],
                            ),
                            type: "payment_receiver_inc",
                            status: Some(
                                "Failed",
                            ),
                            account: Some(
                                AccountIdentifier {
                                    address: "B62qjnd28e7CwRhazDQTTcsM9byJPPQokK3qXZy4EQmweaHdhdvVhEe",
                                    sub_account: None,
                                    metadata: Some(
                                        Object {
                                            "token_id": String("wSHV2S4qX9jFsLjQo8r1BsMLH2ZRKsZx6EJd1sbozGPieEC4Jf"),
                                        },
                                    ),
                                },
                            ),
                            amount: None,
                            coin_change: None,
                            metadata: Some(
                                Object {
                                    "reason": String("Amount_insufficient_to_create_account"),
                                },
                            ),
                        },
                    ],
                    related_transactions: None,
                    metadata: Some(
                        Object {
                            "memo": String("hello"),
                            "nonce": Number(5),
                        },
                    ),
                },
                timestamp: None,
            },
            BlockTransaction {
                block_identifier: BlockIdentifier {
                    index: 400178,
                    hash: "3NKjSET5qnXQs6QnqWDAyZxyYPwLJyRMR3Hw5Zm8x63TNAmBhUao",
                },
                transaction: Transaction {
                    transaction_identifier: TransactionIdentifier {
                        hash: "5JtYZGpKWnbcpu269wzSADoHfAn9eoaVyqE7ufa8792opgnqNEvb",
                    },
                    operations: [
                        Operation {
                            operation_identifier: OperationIdentifier {
                                index: 0,
                                network_index: None,
                            },
                            related_operations: None,
                            type: "fee_payment",
                            status: Some(
                                "Success",
                            ),
                            account: Some(
                                AccountIdentifier {
                                    address: "B62qnuDyj65AQfcZt3MvcwSX7ohLcP1ayNQwu9Zi6YH7JQddJnc8mkz",
                                    sub_account: None,
                                    metadata: Some(
                                        Object {
                                            "token_id": String("wSHV2S4qX9jFsLjQo8r1BsMLH2ZRKsZx6EJd1sbozGPieEC4Jf"),
                                        },
                                    ),
                                },
                            ),
                            amount: Some(
                                Amount {
                                    value: "-100000000",
                                    currency: Currency {
                                        symbol: "MINA",
                                        decimals: 9,
                                        metadata: None,
                                    },
                                    metadata: None,
                                },
                            ),
                            coin_change: None,
                            metadata: None,
                        },
                        Operation {
                            operation_identifier: OperationIdentifier {
                                index: 1,
                                network_index: None,
                            },
                            related_operations: None,
                            type: "payment_source_dec",
                            status: Some(
                                "Success",
                            ),
                            account: Some(
                                AccountIdentifier {
                                    address: "B62qnuDyj65AQfcZt3MvcwSX7ohLcP1ayNQwu9Zi6YH7JQddJnc8mkz",
                                    sub_account: None,
                                    metadata: Some(
                                        Object {
                                            "token_id": String("wSHV2S4qX9jFsLjQo8r1BsMLH2ZRKsZx6EJd1sbozGPieEC4Jf"),
                                        },
                                    ),
                                },
                            ),
                            amount: Some(
                                Amount {
                                    value: "-77778",
                                    currency: Currency {
                                        symbol: "MINA",
                                        decimals: 9,
                                        metadata: None,
                                    },
                                    metadata: None,
                                },
                            ),
                            coin_change: None,
                            metadata: None,
                        },
                        Operation {
                            operation_identifier: OperationIdentifier {
                                index: 2,
                                network_index: None,
                            },
                            related_operations: Some(
                                [
                                    OperationIdentifier {
                                        index: 1,
                                        network_index: None,
                                    },
                                ],
                            ),
                            type: "payment_receiver_inc",
                            status: Some(
                                "Success",
                            ),
                            account: Some(
                                AccountIdentifier {
                                    address: "B62qnFh3toTxk1gP1bvoo5v4L4GwbSwL4MBWV24R1xMntsKt1WRUbWd",
                                    sub_account: None,
                                    metadata: Some(
                                        Object {
                                            "token_id": String("wSHV2S4qX9jFsLjQo8r1BsMLH2ZRKsZx6EJd1sbozGPieEC4Jf"),
                                        },
                                    ),
                                },
                            ),
                            amount: Some(
                                Amount {
                                    value: "77778",
                                    currency: Currency {
                                        symbol: "MINA",
                                        decimals: 9,
                                        metadata: None,
                                    },
                                    metadata: None,
                                },
                            ),
                            coin_change: None,
                            metadata: None,
                        },
                    ],
                    related_transactions: None,
                    metadata: Some(
                        Object {
                            "memo": String("hello"),
                            "nonce": Number(51),
                        },
                    ),
                },
                timestamp: None,
            },
            BlockTransaction {
                block_identifier: BlockIdentifier {
                    index: 400178,
                    hash: "3NKjSET5qnXQs6QnqWDAyZxyYPwLJyRMR3Hw5Zm8x63TNAmBhUao",
                },
                transaction: Transaction {
                    transaction_identifier: TransactionIdentifier {
                        hash: "5JuxLoUkPXJGTfS1bz9CctGpkSVLx5SsmzppstQs9DtjLNQdtaLu",
                    },
                    operations: [
                        Operation {
                            operation_identifier: OperationIdentifier {
                                index: 0,
                                network_index: None,
                            },
                            related_operations: None,
                            type: "fee_payment",
                            status: Some(
                                "Success",
                            ),
                            account: Some(
                                AccountIdentifier {
                                    address: "B62qnuDyj65AQfcZt3MvcwSX7ohLcP1ayNQwu9Zi6YH7JQddJnc8mkz",
                                    sub_account: None,
                                    metadata: Some(
                                        Object {
                                            "token_id": String("wSHV2S4qX9jFsLjQo8r1BsMLH2ZRKsZx6EJd1sbozGPieEC4Jf"),
                                        },
                                    ),
                                },
                            ),
                            amount: Some(
                                Amount {
                                    value: "-100000000",
                                    currency: Currency {
                                        symbol: "MINA",
                                        decimals: 9,
                                        metadata: None,
                                    },
                                    metadata: None,
                                },
                            ),
                            coin_change: None,
                            metadata: None,
                        },
                        Operation {
                            operation_identifier: OperationIdentifier {
                                index: 1,
                                network_index: None,
                            },
                            related_operations: None,
                            type: "payment_source_dec",
                            status: Some(
                                "Success",
                            ),
                            account: Some(
                                AccountIdentifier {
                                    address: "B62qnuDyj65AQfcZt3MvcwSX7ohLcP1ayNQwu9Zi6YH7JQddJnc8mkz",
                                    sub_account: None,
                                    metadata: Some(
                                        Object {
                                            "token_id": String("wSHV2S4qX9jFsLjQo8r1BsMLH2ZRKsZx6EJd1sbozGPieEC4Jf"),
                                        },
                                    ),
                                },
                            ),
                            amount: Some(
                                Amount {
                                    value: "-777",
                                    currency: Currency {
                                        symbol: "MINA",
                                        decimals: 9,
                                        metadata: None,
                                    },
                                    metadata: None,
                                },
                            ),
                            coin_change: None,
                            metadata: None,
                        },
                        Operation {
                            operation_identifier: OperationIdentifier {
                                index: 2,
                                network_index: None,
                            },
                            related_operations: Some(
                                [
                                    OperationIdentifier {
                                        index: 1,
                                        network_index: None,
                                    },
                                ],
                            ),
                            type: "payment_receiver_inc",
                            status: Some(
                                "Success",
                            ),
                            account: Some(
                                AccountIdentifier {
                                    address: "B62qnFh3toTxk1gP1bvoo5v4L4GwbSwL4MBWV24R1xMntsKt1WRUbWd",
                                    sub_account: None,
                                    metadata: Some(
                                        Object {
                                            "token_id": String("wSHV2S4qX9jFsLjQo8r1BsMLH2ZRKsZx6EJd1sbozGPieEC4Jf"),
                                        },
                                    ),
                                },
                            ),
                            amount: Some(
                                Amount {
                                    value: "777",
                                    currency: Currency {
                                        symbol: "MINA",
                                        decimals: 9,
                                        metadata: None,
                                    },
                                    metadata: None,
                                },
                            ),
                            coin_change: None,
                            metadata: None,
                        },
                    ],
                    related_transactions: None,
                    metadata: Some(
                        Object {
                            "memo": String("hello"),
                            "nonce": Number(52),
                        },
                    ),
                },
                timestamp: None,
            },
            BlockTransaction {
                block_identifier: BlockIdentifier {
                    index: 400178,
                    hash: "3NKjSET5qnXQs6QnqWDAyZxyYPwLJyRMR3Hw5Zm8x63TNAmBhUao",
                },
                transaction: Transaction {
                    transaction_identifier: TransactionIdentifier {
                        hash: "5Jv5puZmaYir4ZzsNPFrSmyE1Eeu9tQuAbzWtnEW3KHJpmNMThXm",
                    },
                    operations: [
                        Operation {
                            operation_identifier: OperationIdentifier {
                                index: 0,
                                network_index: None,
                            },
                            related_operations: None,
                            type: "fee_payment",
                            status: Some(
                                "Success",
                            ),
                            account: Some(
                                AccountIdentifier {
                                    address: "B62qnFh3toTxk1gP1bvoo5v4L4GwbSwL4MBWV24R1xMntsKt1WRUbWd",
                                    sub_account: None,
                                    metadata: Some(
                                        Object {
                                            "token_id": String("wSHV2S4qX9jFsLjQo8r1BsMLH2ZRKsZx6EJd1sbozGPieEC4Jf"),
                                        },
                                    ),
                                },
                            ),
                            amount: Some(
                                Amount {
                                    value: "-100000000",
                                    currency: Currency {
                                        symbol: "MINA",
                                        decimals: 9,
                                        metadata: None,
                                    },
                                    metadata: None,
                                },
                            ),
                            coin_change: None,
                            metadata: None,
                        },
                        Operation {
                            operation_identifier: OperationIdentifier {
                                index: 1,
                                network_index: None,
                            },
                            related_operations: None,
                            type: "payment_source_dec",
                            status: Some(
                                "Success",
                            ),
                            account: Some(
                                AccountIdentifier {
                                    address: "B62qnFh3toTxk1gP1bvoo5v4L4GwbSwL4MBWV24R1xMntsKt1WRUbWd",
                                    sub_account: None,
                                    metadata: Some(
                                        Object {
                                            "token_id": String("wSHV2S4qX9jFsLjQo8r1BsMLH2ZRKsZx6EJd1sbozGPieEC4Jf"),
                                        },
                                    ),
                                },
                            ),
                            amount: Some(
                                Amount {
                                    value: "-4554504884",
                                    currency: Currency {
                                        symbol: "MINA",
                                        decimals: 9,
                                        metadata: None,
                                    },
                                    metadata: None,
                                },
                            ),
                            coin_change: None,
                            metadata: None,
                        },
                        Operation {
                            operation_identifier: OperationIdentifier {
                                index: 2,
                                network_index: None,
                            },
                            related_operations: Some(
                                [
                                    OperationIdentifier {
                                        index: 1,
                                        network_index: None,
                                    },
                                ],
                            ),
                            type: "payment_receiver_inc",
                            status: Some(
                                "Success",
                            ),
                            account: Some(
                                AccountIdentifier {
                                    address: "B62qnuDyj65AQfcZt3MvcwSX7ohLcP1ayNQwu9Zi6YH7JQddJnc8mkz",
                                    sub_account: None,
                                    metadata: Some(
                                        Object {
                                            "token_id": String("wSHV2S4qX9jFsLjQo8r1BsMLH2ZRKsZx6EJd1sbozGPieEC4Jf"),
                                        },
                                    ),
                                },
                            ),
                            amount: Some(
                                Amount {
                                    value: "4554504884",
                                    currency: Currency {
                                        symbol: "MINA",
                                        decimals: 9,
                                        metadata: None,
                                    },
                                    metadata: None,
                                },
                            ),
                            coin_change: None,
                            metadata: None,
                        },
                    ],
                    related_transactions: None,
                    metadata: Some(
                        Object {
                            "memo": String("hello"),
                            "nonce": Number(6),
                        },
                    ),
                },
                timestamp: None,
            },
            BlockTransaction {
                block_identifier: BlockIdentifier {
                    index: 400178,
                    hash: "3NKjSET5qnXQs6QnqWDAyZxyYPwLJyRMR3Hw5Zm8x63TNAmBhUao",
                },
                transaction: Transaction {
                    transaction_identifier: TransactionIdentifier {
                        hash: "5Jv7fEKqz6niDP8KBGrvLpmiVb3dRDqY1jZMXwXUsMKNbGKJYYQb",
                    },
                    operations: [
                        Operation {
                            operation_identifier: OperationIdentifier {
                                index: 0,
                                network_index: None,
                            },
                            related_operations: None,
                            type: "fee_payment",
                            status: Some(
                                "Success",
                            ),
                            account: Some(
                                AccountIdentifier {
                                    address: "B62qnuDyj65AQfcZt3MvcwSX7ohLcP1ayNQwu9Zi6YH7JQddJnc8mkz",
                                    sub_account: None,
                                    metadata: Some(
                                        Object {
                                            "token_id": String("wSHV2S4qX9jFsLjQo8r1BsMLH2ZRKsZx6EJd1sbozGPieEC4Jf"),
                                        },
                                    ),
                                },
                            ),
                            amount: Some(
                                Amount {
                                    value: "-100000000",
                                    currency: Currency {
                                        symbol: "MINA",
                                        decimals: 9,
                                        metadata: None,
                                    },
                                    metadata: None,
                                },
                            ),
                            coin_change: None,
                            metadata: None,
                        },
                        Operation {
                            operation_identifier: OperationIdentifier {
                                index: 1,
                                network_index: None,
                            },
                            related_operations: None,
                            type: "payment_source_dec",
                            status: Some(
                                "Success",
                            ),
                            account: Some(
                                AccountIdentifier {
                                    address: "B62qnuDyj65AQfcZt3MvcwSX7ohLcP1ayNQwu9Zi6YH7JQddJnc8mkz",
                                    sub_account: None,
                                    metadata: Some(
                                        Object {
                                            "token_id": String("wSHV2S4qX9jFsLjQo8r1BsMLH2ZRKsZx6EJd1sbozGPieEC4Jf"),
                                        },
                                    ),
                                },
                            ),
                            amount: Some(
                                Amount {
                                    value: "-77778",
                                    currency: Currency {
                                        symbol: "MINA",
                                        decimals: 9,
                                        metadata: None,
                                    },
                                    metadata: None,
                                },
                            ),
                            coin_change: None,
                            metadata: None,
                        },
                        Operation {
                            operation_identifier: OperationIdentifier {
                                index: 2,
                                network_index: None,
                            },
                            related_operations: Some(
                                [
                                    OperationIdentifier {
                                        index: 1,
                                        network_index: None,
                                    },
                                ],
                            ),
                            type: "payment_receiver_inc",
                            status: Some(
                                "Success",
                            ),
                            account: Some(
                                AccountIdentifier {
                                    address: "B62qnFh3toTxk1gP1bvoo5v4L4GwbSwL4MBWV24R1xMntsKt1WRUbWd",
                                    sub_account: None,
                                    metadata: Some(
                                        Object {
                                            "token_id": String("wSHV2S4qX9jFsLjQo8r1BsMLH2ZRKsZx6EJd1sbozGPieEC4Jf"),
                                        },
                                    ),
                                },
                            ),
                            amount: Some(
                                Amount {
                                    value: "77778",
                                    currency: Currency {
                                        symbol: "MINA",
                                        decimals: 9,
                                        metadata: None,
                                    },
                                    metadata: None,
                                },
                            ),
                            coin_change: None,
                            metadata: None,
                        },
                    ],
                    related_transactions: None,
                    metadata: Some(
                        Object {
                            "memo": String("hello"),
                            "nonce": Number(53),
                        },
                    ),
                },
                timestamp: None,
            },
            BlockTransaction {
                block_identifier: BlockIdentifier {
                    index: 400178,
                    hash: "3NKjSET5qnXQs6QnqWDAyZxyYPwLJyRMR3Hw5Zm8x63TNAmBhUao",
                },
                transaction: Transaction {
                    transaction_identifier: TransactionIdentifier {
                        hash: "5Jv8Kj7ZCzNRtuwotRt4k6Z61yvX35tEZKAmcsCxyqQMBndAC2Sx",
                    },
                    operations: [
                        Operation {
                            operation_identifier: OperationIdentifier {
                                index: 0,
                                network_index: None,
                            },
                            related_operations: None,
                            type: "fee_payment",
                            status: Some(
                                "Success",
                            ),
                            account: Some(
                                AccountIdentifier {
                                    address: "B62qnFh3toTxk1gP1bvoo5v4L4GwbSwL4MBWV24R1xMntsKt1WRUbWd",
                                    sub_account: None,
                                    metadata: Some(
                                        Object {
                                            "token_id": String("wSHV2S4qX9jFsLjQo8r1BsMLH2ZRKsZx6EJd1sbozGPieEC4Jf"),
                                        },
                                    ),
                                },
                            ),
                            amount: Some(
                                Amount {
                                    value: "-100000000",
                                    currency: Currency {
                                        symbol: "MINA",
                                        decimals: 9,
                                        metadata: None,
                                    },
                                    metadata: None,
                                },
                            ),
                            coin_change: None,
                            metadata: None,
                        },
                        Operation {
                            operation_identifier: OperationIdentifier {
                                index: 1,
                                network_index: None,
                            },
                            related_operations: None,
                            type: "payment_source_dec",
                            status: Some(
                                "Success",
                            ),
                            account: Some(
                                AccountIdentifier {
                                    address: "B62qnFh3toTxk1gP1bvoo5v4L4GwbSwL4MBWV24R1xMntsKt1WRUbWd",
                                    sub_account: None,
                                    metadata: Some(
                                        Object {
                                            "token_id": String("wSHV2S4qX9jFsLjQo8r1BsMLH2ZRKsZx6EJd1sbozGPieEC4Jf"),
                                        },
                                    ),
                                },
                            ),
                            amount: Some(
                                Amount {
                                    value: "-44",
                                    currency: Currency {
                                        symbol: "MINA",
                                        decimals: 9,
                                        metadata: None,
                                    },
                                    metadata: None,
                                },
                            ),
                            coin_change: None,
                            metadata: None,
                        },
                        Operation {
                            operation_identifier: OperationIdentifier {
                                index: 2,
                                network_index: None,
                            },
                            related_operations: Some(
                                [
                                    OperationIdentifier {
                                        index: 1,
                                        network_index: None,
                                    },
                                ],
                            ),
                            type: "payment_receiver_inc",
                            status: Some(
                                "Success",
                            ),
                            account: Some(
                                AccountIdentifier {
                                    address: "B62qnuDyj65AQfcZt3MvcwSX7ohLcP1ayNQwu9Zi6YH7JQddJnc8mkz",
                                    sub_account: None,
                                    metadata: Some(
                                        Object {
                                            "token_id": String("wSHV2S4qX9jFsLjQo8r1BsMLH2ZRKsZx6EJd1sbozGPieEC4Jf"),
                                        },
                                    ),
                                },
                            ),
                            amount: Some(
                                Amount {
                                    value: "44",
                                    currency: Currency {
                                        symbol: "MINA",
                                        decimals: 9,
                                        metadata: None,
                                    },
                                    metadata: None,
                                },
                            ),
                            coin_change: None,
                            metadata: None,
                        },
                    ],
                    related_transactions: None,
                    metadata: Some(
                        Object {
                            "memo": String("hello"),
                            "nonce": Number(7),
                        },
                    ),
                },
                timestamp: None,
            },
            BlockTransaction {
                block_identifier: BlockIdentifier {
                    index: 400178,
                    hash: "3NKjSET5qnXQs6QnqWDAyZxyYPwLJyRMR3Hw5Zm8x63TNAmBhUao",
                },
                transaction: Transaction {
                    transaction_identifier: TransactionIdentifier {
                        hash: "5JtoyasA3eDravSep5RVbcyszo2H3jRvQZruJQYPy9hXfLyTUySc",
                    },
                    operations: [
                        Operation {
                            operation_identifier: OperationIdentifier {
                                index: 0,
                                network_index: None,
                            },
                            related_operations: None,
                            type: "fee_payment",
                            status: Some(
                                "Success",
                            ),
                            account: Some(
                                AccountIdentifier {
                                    address: "B62qnFh3toTxk1gP1bvoo5v4L4GwbSwL4MBWV24R1xMntsKt1WRUbWd",
                                    sub_account: None,
                                    metadata: Some(
                                        Object {
                                            "token_id": String("wSHV2S4qX9jFsLjQo8r1BsMLH2ZRKsZx6EJd1sbozGPieEC4Jf"),
                                        },
                                    ),
                                },
                            ),
                            amount: Some(
                                Amount {
                                    value: "-100000000",
                                    currency: Currency {
                                        symbol: "MINA",
                                        decimals: 9,
                                        metadata: None,
                                    },
                                    metadata: None,
                                },
                            ),
                            coin_change: None,
                            metadata: None,
                        },
                        Operation {
                            operation_identifier: OperationIdentifier {
                                index: 1,
                                network_index: None,
                            },
                            related_operations: None,
                            type: "payment_source_dec",
                            status: Some(
                                "Success",
                            ),
                            account: Some(
                                AccountIdentifier {
                                    address: "B62qnFh3toTxk1gP1bvoo5v4L4GwbSwL4MBWV24R1xMntsKt1WRUbWd",
                                    sub_account: None,
                                    metadata: Some(
                                        Object {
                                            "token_id": String("wSHV2S4qX9jFsLjQo8r1BsMLH2ZRKsZx6EJd1sbozGPieEC4Jf"),
                                        },
                                    ),
                                },
                            ),
                            amount: Some(
                                Amount {
                                    value: "-444",
                                    currency: Currency {
                                        symbol: "MINA",
                                        decimals: 9,
                                        metadata: None,
                                    },
                                    metadata: None,
                                },
                            ),
                            coin_change: None,
                            metadata: None,
                        },
                        Operation {
                            operation_identifier: OperationIdentifier {
                                index: 2,
                                network_index: None,
                            },
                            related_operations: Some(
                                [
                                    OperationIdentifier {
                                        index: 1,
                                        network_index: None,
                                    },
                                ],
                            ),
                            type: "payment_receiver_inc",
                            status: Some(
                                "Success",
                            ),
                            account: Some(
                                AccountIdentifier {
                                    address: "B62qnuDyj65AQfcZt3MvcwSX7ohLcP1ayNQwu9Zi6YH7JQddJnc8mkz",
                                    sub_account: None,
                                    metadata: Some(
                                        Object {
                                            "token_id": String("wSHV2S4qX9jFsLjQo8r1BsMLH2ZRKsZx6EJd1sbozGPieEC4Jf"),
                                        },
                                    ),
                                },
                            ),
                            amount: Some(
                                Amount {
                                    value: "444",
                                    currency: Currency {
                                        symbol: "MINA",
                                        decimals: 9,
                                        metadata: None,
                                    },
                                    metadata: None,
                                },
                            ),
                            coin_change: None,
                            metadata: None,
                        },
                    ],
                    related_transactions: None,
                    metadata: Some(
                        Object {
                            "memo": String("hello"),
                            "nonce": Number(8),
                        },
                    ),
                },
                timestamp: None,
            },
            BlockTransaction {
                block_identifier: BlockIdentifier {
                    index: 400178,
                    hash: "3NKjSET5qnXQs6QnqWDAyZxyYPwLJyRMR3Hw5Zm8x63TNAmBhUao",
                },
                transaction: Transaction {
                    transaction_identifier: TransactionIdentifier {
                        hash: "5JvCQWSVw7yBDJBekFiBfjL7b57niGsrqwTFXvDtvGSZZLHL5zcL",
                    },
                    operations: [
                        Operation {
                            operation_identifier: OperationIdentifier {
                                index: 0,
                                network_index: None,
                            },
                            related_operations: None,
                            type: "fee_payment",
                            status: Some(
                                "Success",
                            ),
                            account: Some(
                                AccountIdentifier {
                                    address: "B62qnFh3toTxk1gP1bvoo5v4L4GwbSwL4MBWV24R1xMntsKt1WRUbWd",
                                    sub_account: None,
                                    metadata: Some(
                                        Object {
                                            "token_id": String("wSHV2S4qX9jFsLjQo8r1BsMLH2ZRKsZx6EJd1sbozGPieEC4Jf"),
                                        },
                                    ),
                                },
                            ),
                            amount: Some(
                                Amount {
                                    value: "-100000000",
                                    currency: Currency {
                                        symbol: "MINA",
                                        decimals: 9,
                                        metadata: None,
                                    },
                                    metadata: None,
                                },
                            ),
                            coin_change: None,
                            metadata: None,
                        },
                        Operation {
                            operation_identifier: OperationIdentifier {
                                index: 1,
                                network_index: None,
                            },
                            related_operations: None,
                            type: "payment_source_dec",
                            status: Some(
                                "Success",
                            ),
                            account: Some(
                                AccountIdentifier {
                                    address: "B62qnFh3toTxk1gP1bvoo5v4L4GwbSwL4MBWV24R1xMntsKt1WRUbWd",
                                    sub_account: None,
                                    metadata: Some(
                                        Object {
                                            "token_id": String("wSHV2S4qX9jFsLjQo8r1BsMLH2ZRKsZx6EJd1sbozGPieEC4Jf"),
                                        },
                                    ),
                                },
                            ),
                            amount: Some(
                                Amount {
                                    value: "-4444",
                                    currency: Currency {
                                        symbol: "MINA",
                                        decimals: 9,
                                        metadata: None,
                                    },
                                    metadata: None,
                                },
                            ),
                            coin_change: None,
                            metadata: None,
                        },
                        Operation {
                            operation_identifier: OperationIdentifier {
                                index: 2,
                                network_index: None,
                            },
                            related_operations: Some(
                                [
                                    OperationIdentifier {
                                        index: 1,
                                        network_index: None,
                                    },
                                ],
                            ),
                            type: "payment_receiver_inc",
                            status: Some(
                                "Success",
                            ),
                            account: Some(
                                AccountIdentifier {
                                    address: "B62qnuDyj65AQfcZt3MvcwSX7ohLcP1ayNQwu9Zi6YH7JQddJnc8mkz",
                                    sub_account: None,
                                    metadata: Some(
                                        Object {
                                            "token_id": String("wSHV2S4qX9jFsLjQo8r1BsMLH2ZRKsZx6EJd1sbozGPieEC4Jf"),
                                        },
                                    ),
                                },
                            ),
                            amount: Some(
                                Amount {
                                    value: "4444",
                                    currency: Currency {
                                        symbol: "MINA",
                                        decimals: 9,
                                        metadata: None,
                                    },
                                    metadata: None,
                                },
                            ),
                            coin_change: None,
                            metadata: None,
                        },
                    ],
                    related_transactions: None,
                    metadata: Some(
                        Object {
                            "memo": String("hello"),
                            "nonce": Number(9),
                        },
                    ),
                },
                timestamp: None,
            },
            BlockTransaction {
                block_identifier: BlockIdentifier {
                    index: 400178,
                    hash: "3NKjSET5qnXQs6QnqWDAyZxyYPwLJyRMR3Hw5Zm8x63TNAmBhUao",
                },
                transaction: Transaction {
                    transaction_identifier: TransactionIdentifier {
                        hash: "5Jv4Qiym8yRY3kcDpbGfXgRobE4HZffFbY9EwuvuSGDwmzGviRaM",
                    },
                    operations: [
                        Operation {
                            operation_identifier: OperationIdentifier {
                                index: 0,
                                network_index: None,
                            },
                            related_operations: None,
                            type: "fee_payment",
                            status: Some(
                                "Success",
                            ),
                            account: Some(
                                AccountIdentifier {
                                    address: "B62qnFh3toTxk1gP1bvoo5v4L4GwbSwL4MBWV24R1xMntsKt1WRUbWd",
                                    sub_account: None,
                                    metadata: Some(
                                        Object {
                                            "token_id": String("wSHV2S4qX9jFsLjQo8r1BsMLH2ZRKsZx6EJd1sbozGPieEC4Jf"),
                                        },
                                    ),
                                },
                            ),
                            amount: Some(
                                Amount {
                                    value: "-100000000",
                                    currency: Currency {
                                        symbol: "MINA",
                                        decimals: 9,
                                        metadata: None,
                                    },
                                    metadata: None,
                                },
                            ),
                            coin_change: None,
                            metadata: None,
                        },
                        Operation {
                            operation_identifier: OperationIdentifier {
                                index: 1,
                                network_index: None,
                            },
                            related_operations: None,
                            type: "account_creation_fee_via_payment",
                            status: Some(
                                "Success",
                            ),
                            account: Some(
                                AccountIdentifier {
                                    address: "B62qjnd28e7CwRhazDQTTcsM9byJPPQokK3qXZy4EQmweaHdhdvVhEe",
                                    sub_account: None,
                                    metadata: Some(
                                        Object {
                                            "token_id": String("wSHV2S4qX9jFsLjQo8r1BsMLH2ZRKsZx6EJd1sbozGPieEC4Jf"),
                                        },
                                    ),
                                },
                            ),
                            amount: Some(
                                Amount {
                                    value: "-1000000000",
                                    currency: Currency {
                                        symbol: "MINA",
                                        decimals: 9,
                                        metadata: None,
                                    },
                                    metadata: None,
                                },
                            ),
                            coin_change: None,
                            metadata: None,
                        },
                        Operation {
                            operation_identifier: OperationIdentifier {
                                index: 2,
                                network_index: None,
                            },
                            related_operations: None,
                            type: "payment_source_dec",
                            status: Some(
                                "Success",
                            ),
                            account: Some(
                                AccountIdentifier {
                                    address: "B62qnFh3toTxk1gP1bvoo5v4L4GwbSwL4MBWV24R1xMntsKt1WRUbWd",
                                    sub_account: None,
                                    metadata: Some(
                                        Object {
                                            "token_id": String("wSHV2S4qX9jFsLjQo8r1BsMLH2ZRKsZx6EJd1sbozGPieEC4Jf"),
                                        },
                                    ),
                                },
                            ),
                            amount: Some(
                                Amount {
                                    value: "-10000000003",
                                    currency: Currency {
                                        symbol: "MINA",
                                        decimals: 9,
                                        metadata: None,
                                    },
                                    metadata: None,
                                },
                            ),
                            coin_change: None,
                            metadata: None,
                        },
                        Operation {
                            operation_identifier: OperationIdentifier {
                                index: 3,
                                network_index: None,
                            },
                            related_operations: Some(
                                [
                                    OperationIdentifier {
                                        index: 2,
                                        network_index: None,
                                    },
                                ],
                            ),
                            type: "payment_receiver_inc",
                            status: Some(
                                "Success",
                            ),
                            account: Some(
                                AccountIdentifier {
                                    address: "B62qjnd28e7CwRhazDQTTcsM9byJPPQokK3qXZy4EQmweaHdhdvVhEe",
                                    sub_account: None,
                                    metadata: Some(
                                        Object {
                                            "token_id": String("wSHV2S4qX9jFsLjQo8r1BsMLH2ZRKsZx6EJd1sbozGPieEC4Jf"),
                                        },
                                    ),
                                },
                            ),
                            amount: Some(
                                Amount {
                                    value: "10000000003",
                                    currency: Currency {
                                        symbol: "MINA",
                                        decimals: 9,
                                        metadata: None,
                                    },
                                    metadata: None,
                                },
                            ),
                            coin_change: None,
                            metadata: None,
                        },
                    ],
                    related_transactions: None,
                    metadata: Some(
                        Object {
                            "memo": String("hello"),
                            "nonce": Number(10),
                        },
                    ),
                },
                timestamp: None,
            },
            BlockTransaction {
                block_identifier: BlockIdentifier {
                    index: 400178,
                    hash: "3NKjSET5qnXQs6QnqWDAyZxyYPwLJyRMR3Hw5Zm8x63TNAmBhUao",
                },
                transaction: Transaction {
                    transaction_identifier: TransactionIdentifier {
                        hash: "5JtngLxSk4iWRWMuCeVZkpysDmyT9eKg4wQ2EcuVkK9xCNohwv6x",
                    },
                    operations: [
                        Operation {
                            operation_identifier: OperationIdentifier {
                                index: 0,
                                network_index: None,
                            },
                            related_operations: None,
                            type: "fee_payment",
                            status: Some(
                                "Success",
                            ),
                            account: Some(
                                AccountIdentifier {
                                    address: "B62qnFh3toTxk1gP1bvoo5v4L4GwbSwL4MBWV24R1xMntsKt1WRUbWd",
                                    sub_account: None,
                                    metadata: Some(
                                        Object {
                                            "token_id": String("wSHV2S4qX9jFsLjQo8r1BsMLH2ZRKsZx6EJd1sbozGPieEC4Jf"),
                                        },
                                    ),
                                },
                            ),
                            amount: Some(
                                Amount {
                                    value: "-100000000",
                                    currency: Currency {
                                        symbol: "MINA",
                                        decimals: 9,
                                        metadata: None,
                                    },
                                    metadata: None,
                                },
                            ),
                            coin_change: None,
                            metadata: None,
                        },
                        Operation {
                            operation_identifier: OperationIdentifier {
                                index: 1,
                                network_index: None,
                            },
                            related_operations: None,
                            type: "delegate_change",
                            status: Some(
                                "Success",
                            ),
                            account: Some(
                                AccountIdentifier {
                                    address: "B62qnFh3toTxk1gP1bvoo5v4L4GwbSwL4MBWV24R1xMntsKt1WRUbWd",
                                    sub_account: None,
                                    metadata: Some(
                                        Object {
                                            "token_id": String("wSHV2S4qX9jFsLjQo8r1BsMLH2ZRKsZx6EJd1sbozGPieEC4Jf"),
                                        },
                                    ),
                                },
                            ),
                            amount: None,
                            coin_change: None,
                            metadata: Some(
                                Object {
                                    "delegate_change_target": String("B62qmnZga2fbt5mf9hrMDctjxBXzzQs3UztCn3ecgzhiDUff7JEwFF3"),
                                },
                            ),
                        },
                    ],
                    related_transactions: None,
                    metadata: Some(
                        Object {
                            "memo": String("hello"),
                            "nonce": Number(11),
                        },
                    ),
                },
                timestamp: None,
            },
            BlockTransaction {
                block_identifier: BlockIdentifier {
                    index: 400178,
                    hash: "3NKjSET5qnXQs6QnqWDAyZxyYPwLJyRMR3Hw5Zm8x63TNAmBhUao",
                },
                transaction: Transaction {
                    transaction_identifier: TransactionIdentifier {
                        hash: "5Ju9H9HXcAs6EqimbxVnEj5GJohjwsKu6NuKoktg6pzCs2aQKD3s",
                    },
                    operations: [
                        Operation {
                            operation_identifier: OperationIdentifier {
                                index: 0,
                                network_index: None,
                            },
                            related_operations: None,
                            type: "fee_payment",
                            status: Some(
                                "Success",
                            ),
                            account: Some(
                                AccountIdentifier {
                                    address: "B62qnFh3toTxk1gP1bvoo5v4L4GwbSwL4MBWV24R1xMntsKt1WRUbWd",
                                    sub_account: None,
                                    metadata: Some(
                                        Object {
                                            "token_id": String("wSHV2S4qX9jFsLjQo8r1BsMLH2ZRKsZx6EJd1sbozGPieEC4Jf"),
                                        },
                                    ),
                                },
                            ),
                            amount: Some(
                                Amount {
                                    value: "-100000000",
                                    currency: Currency {
                                        symbol: "MINA",
                                        decimals: 9,
                                        metadata: None,
                                    },
                                    metadata: None,
                                },
                            ),
                            coin_change: None,
                            metadata: None,
                        },
                        Operation {
                            operation_identifier: OperationIdentifier {
                                index: 1,
                                network_index: None,
                            },
                            related_operations: None,
                            type: "payment_source_dec",
                            status: Some(
                                "Success",
                            ),
                            account: Some(
                                AccountIdentifier {
                                    address: "B62qnFh3toTxk1gP1bvoo5v4L4GwbSwL4MBWV24R1xMntsKt1WRUbWd",
                                    sub_account: None,
                                    metadata: Some(
                                        Object {
                                            "token_id": String("wSHV2S4qX9jFsLjQo8r1BsMLH2ZRKsZx6EJd1sbozGPieEC4Jf"),
                                        },
                                    ),
                                },
                            ),
                            amount: Some(
                                Amount {
                                    value: "-40000000000",
                                    currency: Currency {
                                        symbol: "MINA",
                                        decimals: 9,
                                        metadata: None,
                                    },
                                    metadata: None,
                                },
                            ),
                            coin_change: None,
                            metadata: None,
                        },
                        Operation {
                            operation_identifier: OperationIdentifier {
                                index: 2,
                                network_index: None,
                            },
                            related_operations: Some(
                                [
                                    OperationIdentifier {
                                        index: 1,
                                        network_index: None,
                                    },
                                ],
                            ),
                            type: "payment_receiver_inc",
                            status: Some(
                                "Success",
                            ),
                            account: Some(
                                AccountIdentifier {
                                    address: "B62qnuDyj65AQfcZt3MvcwSX7ohLcP1ayNQwu9Zi6YH7JQddJnc8mkz",
                                    sub_account: None,
                                    metadata: Some(
                                        Object {
                                            "token_id": String("wSHV2S4qX9jFsLjQo8r1BsMLH2ZRKsZx6EJd1sbozGPieEC4Jf"),
                                        },
                                    ),
                                },
                            ),
                            amount: Some(
                                Amount {
                                    value: "40000000000",
                                    currency: Currency {
                                        symbol: "MINA",
                                        decimals: 9,
                                        metadata: None,
                                    },
                                    metadata: None,
                                },
                            ),
                            coin_change: None,
                            metadata: None,
                        },
                    ],
                    related_transactions: None,
                    metadata: Some(
                        Object {
                            "memo": String("hello"),
                            "nonce": Number(12),
                        },
                    ),
                },
                timestamp: None,
            },
            BlockTransaction {
                block_identifier: BlockIdentifier {
                    index: 400178,
                    hash: "3NKjSET5qnXQs6QnqWDAyZxyYPwLJyRMR3Hw5Zm8x63TNAmBhUao",
                },
                transaction: Transaction {
                    transaction_identifier: TransactionIdentifier {
                        hash: "5JuEcLiDhbhmgVwwx9wr2Jgpk7fxSSf4yL6SampKp8QaFPPNupce",
                    },
                    operations: [
                        Operation {
                            operation_identifier: OperationIdentifier {
                                index: 0,
                                network_index: None,
                            },
                            related_operations: None,
                            type: "fee_payment",
                            status: Some(
                                "Success",
                            ),
                            account: Some(
                                AccountIdentifier {
                                    address: "B62qnFh3toTxk1gP1bvoo5v4L4GwbSwL4MBWV24R1xMntsKt1WRUbWd",
                                    sub_account: None,
                                    metadata: Some(
                                        Object {
                                            "token_id": String("wSHV2S4qX9jFsLjQo8r1BsMLH2ZRKsZx6EJd1sbozGPieEC4Jf"),
                                        },
                                    ),
                                },
                            ),
                            amount: Some(
                                Amount {
                                    value: "-100000000",
                                    currency: Currency {
                                        symbol: "MINA",
                                        decimals: 9,
                                        metadata: None,
                                    },
                                    metadata: None,
                                },
                            ),
                            coin_change: None,
                            metadata: None,
                        },
                        Operation {
                            operation_identifier: OperationIdentifier {
                                index: 1,
                                network_index: None,
                            },
                            related_operations: None,
                            type: "payment_source_dec",
                            status: Some(
                                "Success",
                            ),
                            account: Some(
                                AccountIdentifier {
                                    address: "B62qnFh3toTxk1gP1bvoo5v4L4GwbSwL4MBWV24R1xMntsKt1WRUbWd",
                                    sub_account: None,
                                    metadata: Some(
                                        Object {
                                            "token_id": String("wSHV2S4qX9jFsLjQo8r1BsMLH2ZRKsZx6EJd1sbozGPieEC4Jf"),
                                        },
                                    ),
                                },
                            ),
                            amount: Some(
                                Amount {
                                    value: "-400000000",
                                    currency: Currency {
                                        symbol: "MINA",
                                        decimals: 9,
                                        metadata: None,
                                    },
                                    metadata: None,
                                },
                            ),
                            coin_change: None,
                            metadata: None,
                        },
                        Operation {
                            operation_identifier: OperationIdentifier {
                                index: 2,
                                network_index: None,
                            },
                            related_operations: Some(
                                [
                                    OperationIdentifier {
                                        index: 1,
                                        network_index: None,
                                    },
                                ],
                            ),
                            type: "payment_receiver_inc",
                            status: Some(
                                "Success",
                            ),
                            account: Some(
                                AccountIdentifier {
                                    address: "B62qnuDyj65AQfcZt3MvcwSX7ohLcP1ayNQwu9Zi6YH7JQddJnc8mkz",
                                    sub_account: None,
                                    metadata: Some(
                                        Object {
                                            "token_id": String("wSHV2S4qX9jFsLjQo8r1BsMLH2ZRKsZx6EJd1sbozGPieEC4Jf"),
                                        },
                                    ),
                                },
                            ),
                            amount: Some(
                                Amount {
                                    value: "400000000",
                                    currency: Currency {
                                        symbol: "MINA",
                                        decimals: 9,
                                        metadata: None,
                                    },
                                    metadata: None,
                                },
                            ),
                            coin_change: None,
                            metadata: None,
                        },
                    ],
                    related_transactions: None,
                    metadata: Some(
                        Object {
                            "memo": String("hello"),
                            "nonce": Number(13),
                        },
                    ),
                },
                timestamp: None,
            },
            BlockTransaction {
                block_identifier: BlockIdentifier {
                    index: 400181,
                    hash: "3NKejYtov5J4BCqNN6iPEZxmbUyeRfKJkwbzVDq9guToCywxWAUm",
                },
                transaction: Transaction {
                    transaction_identifier: TransactionIdentifier {
                        hash: "5JtzS6WNt42bMrK3eCbvMqX1cvppzc98X5VR5gZCJvZqVEM1vKjk",
                    },
                    operations: [
                        Operation {
                            operation_identifier: OperationIdentifier {
                                index: 0,
                                network_index: None,
                            },
                            related_operations: None,
                            type: "fee_payment",
                            status: Some(
                                "Success",
                            ),
                            account: Some(
                                AccountIdentifier {
                                    address: "B62qnFh3toTxk1gP1bvoo5v4L4GwbSwL4MBWV24R1xMntsKt1WRUbWd",
                                    sub_account: None,
                                    metadata: Some(
                                        Object {
                                            "token_id": String("wSHV2S4qX9jFsLjQo8r1BsMLH2ZRKsZx6EJd1sbozGPieEC4Jf"),
                                        },
                                    ),
                                },
                            ),
                            amount: Some(
                                Amount {
                                    value: "-100000000",
                                    currency: Currency {
                                        symbol: "MINA",
                                        decimals: 9,
                                        metadata: None,
                                    },
                                    metadata: None,
                                },
                            ),
                            coin_change: None,
                            metadata: None,
                        },
                        Operation {
                            operation_identifier: OperationIdentifier {
                                index: 1,
                                network_index: None,
                            },
                            related_operations: None,
                            type: "payment_source_dec",
                            status: Some(
                                "Success",
                            ),
                            account: Some(
                                AccountIdentifier {
                                    address: "B62qnFh3toTxk1gP1bvoo5v4L4GwbSwL4MBWV24R1xMntsKt1WRUbWd",
                                    sub_account: None,
                                    metadata: Some(
                                        Object {
                                            "token_id": String("wSHV2S4qX9jFsLjQo8r1BsMLH2ZRKsZx6EJd1sbozGPieEC4Jf"),
                                        },
                                    ),
                                },
                            ),
                            amount: Some(
                                Amount {
                                    value: "-9000000000",
                                    currency: Currency {
                                        symbol: "MINA",
                                        decimals: 9,
                                        metadata: None,
                                    },
                                    metadata: None,
                                },
                            ),
                            coin_change: None,
                            metadata: None,
                        },
                        Operation {
                            operation_identifier: OperationIdentifier {
                                index: 2,
                                network_index: None,
                            },
                            related_operations: Some(
                                [
                                    OperationIdentifier {
                                        index: 1,
                                        network_index: None,
                                    },
                                ],
                            ),
                            type: "payment_receiver_inc",
                            status: Some(
                                "Success",
                            ),
                            account: Some(
                                AccountIdentifier {
                                    address: "B62qnuDyj65AQfcZt3MvcwSX7ohLcP1ayNQwu9Zi6YH7JQddJnc8mkz",
                                    sub_account: None,
                                    metadata: Some(
                                        Object {
                                            "token_id": String("wSHV2S4qX9jFsLjQo8r1BsMLH2ZRKsZx6EJd1sbozGPieEC4Jf"),
                                        },
                                    ),
                                },
                            ),
                            amount: Some(
                                Amount {
                                    value: "9000000000",
                                    currency: Currency {
                                        symbol: "MINA",
                                        decimals: 9,
                                        metadata: None,
                                    },
                                    metadata: None,
                                },
                            ),
                            coin_change: None,
                            metadata: None,
                        },
                    ],
                    related_transactions: None,
                    metadata: Some(
                        Object {
                            "memo": String("hello"),
                            "nonce": Number(14),
                        },
                    ),
                },
                timestamp: None,
            },
            BlockTransaction {
                block_identifier: BlockIdentifier {
                    index: 400181,
                    hash: "3NKejYtov5J4BCqNN6iPEZxmbUyeRfKJkwbzVDq9guToCywxWAUm",
                },
                transaction: Transaction {
                    transaction_identifier: TransactionIdentifier {
                        hash: "5Jv4F2tU6Uw6eeUcaw8GsWWp46y44uEBfXeMspjQeMiWzDYu95fX",
                    },
                    operations: [
                        Operation {
                            operation_identifier: OperationIdentifier {
                                index: 0,
                                network_index: None,
                            },
                            related_operations: None,
                            type: "fee_payment",
                            status: Some(
                                "Success",
                            ),
                            account: Some(
                                AccountIdentifier {
                                    address: "B62qnFh3toTxk1gP1bvoo5v4L4GwbSwL4MBWV24R1xMntsKt1WRUbWd",
                                    sub_account: None,
                                    metadata: Some(
                                        Object {
                                            "token_id": String("wSHV2S4qX9jFsLjQo8r1BsMLH2ZRKsZx6EJd1sbozGPieEC4Jf"),
                                        },
                                    ),
                                },
                            ),
                            amount: Some(
                                Amount {
                                    value: "-100000000",
                                    currency: Currency {
                                        symbol: "MINA",
                                        decimals: 9,
                                        metadata: None,
                                    },
                                    metadata: None,
                                },
                            ),
                            coin_change: None,
                            metadata: None,
                        },
                        Operation {
                            operation_identifier: OperationIdentifier {
                                index: 1,
                                network_index: None,
                            },
                            related_operations: None,
                            type: "payment_source_dec",
                            status: Some(
                                "Success",
                            ),
                            account: Some(
                                AccountIdentifier {
                                    address: "B62qnFh3toTxk1gP1bvoo5v4L4GwbSwL4MBWV24R1xMntsKt1WRUbWd",
                                    sub_account: None,
                                    metadata: Some(
                                        Object {
                                            "token_id": String("wSHV2S4qX9jFsLjQo8r1BsMLH2ZRKsZx6EJd1sbozGPieEC4Jf"),
                                        },
                                    ),
                                },
                            ),
                            amount: Some(
                                Amount {
                                    value: "-11",
                                    currency: Currency {
                                        symbol: "MINA",
                                        decimals: 9,
                                        metadata: None,
                                    },
                                    metadata: None,
                                },
                            ),
                            coin_change: None,
                            metadata: None,
                        },
                        Operation {
                            operation_identifier: OperationIdentifier {
                                index: 2,
                                network_index: None,
                            },
                            related_operations: Some(
                                [
                                    OperationIdentifier {
                                        index: 1,
                                        network_index: None,
                                    },
                                ],
                            ),
                            type: "payment_receiver_inc",
                            status: Some(
                                "Success",
                            ),
                            account: Some(
                                AccountIdentifier {
                                    address: "B62qnuDyj65AQfcZt3MvcwSX7ohLcP1ayNQwu9Zi6YH7JQddJnc8mkz",
                                    sub_account: None,
                                    metadata: Some(
                                        Object {
                                            "token_id": String("wSHV2S4qX9jFsLjQo8r1BsMLH2ZRKsZx6EJd1sbozGPieEC4Jf"),
                                        },
                                    ),
                                },
                            ),
                            amount: Some(
                                Amount {
                                    value: "11",
                                    currency: Currency {
                                        symbol: "MINA",
                                        decimals: 9,
                                        metadata: None,
                                    },
                                    metadata: None,
                                },
                            ),
                            coin_change: None,
                            metadata: None,
                        },
                    ],
                    related_transactions: None,
                    metadata: Some(
                        Object {
                            "memo": String("hello"),
                            "nonce": Number(15),
                        },
                    ),
                },
                timestamp: None,
            },
        ],
        total_count: 24,
        next_offset: Some(
            20,
        ),
    },
)
